// Jest Snapshot v1, https://goo.gl/fbAQLP

exports[`FieldNotification should render correctly 1`] = `
<span
  className=""
>
  Test
</span>
`;
