// Jest Snapshot v1, https://goo.gl/fbAQLP

exports[`Button should render correctly 1`] = `
<button
  className=""
  disabled={false}
  onClick={[Function]}
  type="button"
>
  Test
</button>
`;
