// Jest Snapshot v1, https://goo.gl/fbAQLP

exports[`Loader renders correctly 1`] = `
<div
  className={undefined}
>
  <span
    className={undefined}
  >
    Loading...
  </span>
</div>
`;
