// Jest Snapshot v1, https://goo.gl/fbAQLP

exports[`ButtonLink should render correctly 1`] = `
<Link
  className=""
  to={null}
>
  Test
</Link>
`;
