// Jest Snapshot v1, https://goo.gl/fbAQLP

exports[`Cart should render correctly 1`] = `
<div
  className={undefined}
>
  <div
    className={undefined}
  >
    <div
      className={undefined}
    >
      <Link
        className=""
        to="/"
      >
        Continuar comprando
      </Link>
    </div>
    <div>
      <h4
        className={undefined}
      >
        Vendido por 
        João
      </h4>
      <table
        className={undefined}
      >
        <thead
          className={undefined}
        >
          <tr>
            <th
              colSpan="2"
            >
              Produto(s)
            </th>
            <th>
              Preço
            </th>
            <th />
          </tr>
        </thead>
        <tbody>
          <tr>
            <td
              className=""
            >
              <Link
                to="/product/dd5ca2b6-b8ae-4627-95f3-7d49613a0df5"
              >
                <img
                  alt="Abominável"
                  className={undefined}
                  src="https://images-na.ssl-images-amazon.com/images/I/A1eI8aYKX%2BL._SL1500_.jpg"
                />
              </Link>
            </td>
            <td
              className=""
            >
              Abominável
            </td>
            <td
              className=""
            >
              R$ 
              80
            </td>
            <td
              className=""
            >
              <button
                className=""
                disabled={false}
                onClick={[Function]}
                type="button"
              >
                Remover do carrinho
              </button>
            </td>
          </tr>
        </tbody>
        <tfoot
          className={undefined}
        >
          <tr>
            <td
              colSpan="2"
            />
            <td />
            <td
              className={undefined}
            >
              <span>
                Total
              </span>
               R$ 
              80
            </td>
          </tr>
        </tfoot>
      </table>
      <div
        className={undefined}
      >
        <Link
          className=""
          to="/checkout/re_cjabsxlgq01t5oq6f3ix79dsn"
        >
          Finalizar pedido
        </Link>
      </div>
    </div>
  </div>
</div>
`;
