// Jest Snapshot v1, https://goo.gl/fbAQLP

exports[`Root should render correctly 1`] = `
<Provider
  store={Object {}}
>
  <div
    className={undefined}
  >
    <div
      className={undefined}
    >
      <div
        className={undefined}
      >
        <h1>
          <a
            className={undefined}
            href="/"
            onClick={[Function]}
          >
            Market
          </a>
        </h1>
        <a
          href="/cart"
          onClick={[Function]}
        >
          <div
            className={undefined}
          />
        </a>
      </div>
    </div>
    router
  </div>
</Provider>
`;
