// Jest Snapshot v1, https://goo.gl/fbAQLP

exports[`FormNotification should render correctly 1`] = `
<div
  className=""
>
  Test
</div>
`;
