// Jest Snapshot v1, https://goo.gl/fbAQLP

exports[`Order renders correctly 1`] = `
<div
  className={undefined}
>
  <div
    className={undefined}
  >
    <h2
      className={undefined}
    >
      Detalhes do pedido
    </h2>
    <ul
      className={undefined}
    >
      <li
        className={undefined}
      >
        Transação: 
        <span
          className={undefined}
        >
          123
        </span>
      </li>
      <li
        className={undefined}
      >
        Status: 
        <span
          className={undefined}
        >
          pago
        </span>
      </li>
      <li
        className={undefined}
      >
        Valor: 
        <span
          className={undefined}
        >
          R$ 100.00
        </span>
      </li>
    </ul>
    <div>
      <h4
        className={undefined}
      >
        Recebíveis 
      </h4>
      <div
        className={undefined}
      >
        <div
          className={undefined}
        >
          <ul>
            <li
              className={undefined}
            >
              ID do recebedor: 
              <span
                className={undefined}
              >
                re_cj2wd5u2600fecw6eytgcbkd0
              </span>
            </li>
            <li
              className={undefined}
            >
              Valor: 
              <span
                className={undefined}
              >
                R$ 24,000.00
              </span>
            </li>
            <li
              className={undefined}
            >
              Taxas: 
              <span
                className={undefined}
              >
                R$ 6,000.00
              </span>
            </li>
            <li
              className={undefined}
            >
              Status: 
              <span
                className={undefined}
              >
                aguardando fundos
              </span>
            </li>
            <li
              className={undefined}
            >
              Data da criação: 
              <span
                className={undefined}
              >
                29/06/2017
              </span>
            </li>
            <li
              className={undefined}
            >
              Data do pagamento: 
              <span
                className={undefined}
              >
                01/08/2017
              </span>
            </li>
          </ul>
        </div>
      </div>
    </div>
    <div
      className={undefined}
    >
      <Link
        className=""
        to="/"
      >
        Voltar a loja
      </Link>
    </div>
  </div>
</div>
`;
