// Jest Snapshot v1, https://goo.gl/fbAQLP

exports[`Gallery renders correctly 1`] = `
<div
  className={undefined}
>
  <div
    className={undefined}
  >
    <ProductList />
  </div>
</div>
`;
